// Jest Snapshot v1, https://goo.gl/fbAQLP

exports[`About component matches snapshot DOM node structure 1`] = `
<DocumentFragment>
  <section
    className="my-5"
  >
    <h1
      id="about"
    >
      about Cat
    </h1>
    <img
      alt="cover"
      className="my-2"
      src="cover-image.jpg"
      style="width: 100%;"
    />
  </section>
</DocumentFragment>
`;
